/home/jonwebb/Code_Dev/C++/csalt++/csalt++/include/allocator.hpp:1247: warning: Example Basic was already documented. Ignoring documentation found here.
/home/jonwebb/Code_Dev/C++/csalt++/csalt++/include/allocator.hpp:1260: warning: Example Aligned was already documented. Ignoring documentation found here.
/home/jonwebb/Code_Dev/C++/csalt++/csalt++/include/allocator.hpp:1327: warning: Example Error was already documented. Ignoring documentation found here.
/home/jonwebb/Code_Dev/C++/csalt++/csalt++/include/allocator.hpp:816: warning: included file Aligned is not found. Check your EXAMPLE_PATH
/home/jonwebb/Code_Dev/C++/csalt++/csalt++/include/allocator.hpp:836: warning: included file Reallocating is not found. Check your EXAMPLE_PATH
/home/jonwebb/Code_Dev/C++/csalt++/csalt++/include/allocator.hpp:855: warning: included file Polymorphic is not found. Check your EXAMPLE_PATH
/home/jonwebb/Code_Dev/C++/csalt++/csalt++/include/allocator.hpp:873: warning: included file Error is not found. Check your EXAMPLE_PATH
/home/jonwebb/Code_Dev/C++/csalt++/csalt++/include/allocator.hpp:935: warning: included file Getting is not found. Check your EXAMPLE_PATH
/home/jonwebb/Code_Dev/C++/csalt++/csalt++/include/allocator.hpp:959: warning: included file Default is not found. Check your EXAMPLE_PATH
/home/jonwebb/Code_Dev/C++/csalt++/csalt++/include/allocator.hpp:966: warning: included file Custom is not found. Check your EXAMPLE_PATH
/home/jonwebb/Code_Dev/C++/csalt++/csalt++/include/allocator.hpp:1001: warning: included file Proper is not found. Check your EXAMPLE_PATH
/home/jonwebb/Code_Dev/C++/csalt++/csalt++/include/allocator.hpp:1040: warning: included file Basic is not found. Check your EXAMPLE_PATH
/home/jonwebb/Code_Dev/C++/csalt++/csalt++/include/allocator.hpp:1042: warning: included file Zeroed is not found. Check your EXAMPLE_PATH
/home/jonwebb/Code_Dev/C++/csalt++/csalt++/include/allocator.hpp:1103: warning: included file Cache is not found. Check your EXAMPLE_PATH
/home/jonwebb/Code_Dev/C++/csalt++/csalt++/include/allocator.hpp:1103: warning: included file SIMD is not found. Check your EXAMPLE_PATH
/home/jonwebb/Code_Dev/C++/csalt++/csalt++/include/allocator.hpp:1174: warning: included file Growing is not found. Check your EXAMPLE_PATH
/home/jonwebb/Code_Dev/C++/csalt++/csalt++/include/allocator.hpp:1174: warning: included file Shrinking is not found. Check your EXAMPLE_PATH
/home/jonwebb/Code_Dev/C++/csalt++/csalt++/include/allocator.hpp:1243: warning: included file Reallocate is not found. Check your EXAMPLE_PATH
/home/jonwebb/Code_Dev/C++/csalt++/csalt++/include/allocator.hpp:1290: warning: included file Safe is not found. Check your EXAMPLE_PATH
/home/jonwebb/Code_Dev/C++/csalt++/csalt++/include/allocator.hpp:1340: warning: included file Print is not found. Check your EXAMPLE_PATH
/home/jonwebb/Code_Dev/C++/csalt++/csalt++/include/allocator.hpp:815: warning: included file Aligned is not found. Check your EXAMPLE_PATH
/home/jonwebb/Code_Dev/C++/csalt++/csalt++/include/allocator.hpp:835: warning: included file Reallocating is not found. Check your EXAMPLE_PATH
/home/jonwebb/Code_Dev/C++/csalt++/csalt++/include/allocator.hpp:854: warning: included file Polymorphic is not found. Check your EXAMPLE_PATH
/home/jonwebb/Code_Dev/C++/csalt++/csalt++/include/allocator.hpp:872: warning: included file Error is not found. Check your EXAMPLE_PATH
/home/jonwebb/Code_Dev/C++/csalt++/csalt++/include/allocator.hpp:934: warning: included file Getting is not found. Check your EXAMPLE_PATH
/home/jonwebb/Code_Dev/C++/csalt++/csalt++/include/allocator.hpp:958: warning: included file Default is not found. Check your EXAMPLE_PATH
/home/jonwebb/Code_Dev/C++/csalt++/csalt++/include/allocator.hpp:965: warning: included file Custom is not found. Check your EXAMPLE_PATH
/home/jonwebb/Code_Dev/C++/csalt++/csalt++/include/allocator.hpp:1000: warning: included file Proper is not found. Check your EXAMPLE_PATH
/home/jonwebb/Code_Dev/C++/csalt++/csalt++/include/allocator.hpp:1039: warning: included file Basic is not found. Check your EXAMPLE_PATH
/home/jonwebb/Code_Dev/C++/csalt++/csalt++/include/allocator.hpp:1041: warning: included file Zeroed is not found. Check your EXAMPLE_PATH
/home/jonwebb/Code_Dev/C++/csalt++/csalt++/include/allocator.hpp:1102: warning: included file Cache is not found. Check your EXAMPLE_PATH
/home/jonwebb/Code_Dev/C++/csalt++/csalt++/include/allocator.hpp:1102: warning: included file SIMD is not found. Check your EXAMPLE_PATH
/home/jonwebb/Code_Dev/C++/csalt++/csalt++/include/allocator.hpp:1173: warning: included file Growing is not found. Check your EXAMPLE_PATH
/home/jonwebb/Code_Dev/C++/csalt++/csalt++/include/allocator.hpp:1173: warning: included file Shrinking is not found. Check your EXAMPLE_PATH
/home/jonwebb/Code_Dev/C++/csalt++/csalt++/include/allocator.hpp:1242: warning: included file Reallocate is not found. Check your EXAMPLE_PATH
/home/jonwebb/Code_Dev/C++/csalt++/csalt++/include/allocator.hpp:1289: warning: included file Safe is not found. Check your EXAMPLE_PATH
/home/jonwebb/Code_Dev/C++/csalt++/csalt++/include/allocator.hpp:1339: warning: included file Print is not found. Check your EXAMPLE_PATH
